<?xml version="1.0" encoding="utf-8"?><testsuites name="pytest tests"><testsuite name="pytest" errors="0" failures="0" skipped="0" tests="2" time="2.242" timestamp="2025-06-28T17:29:32.367641-06:00" hostname="DESKTOP-8A332I2"><testcase classname="tests.test_main" name="test_read_root" time="0.064" /><testcase classname="tests.test_main" name="test_health_check" time="0.004" /></testsuite></testsuites>